// Code generated by go-getters. DO NOT EDIT.

package testdata

func (x *Example) GetName() string {
	if x != nil {
		return x.Name
	}
	return ""
}

func (x *Example) GetValue() int {
	if x != nil {
		return x.Value
	}
	return 0
}

func (x *Example) GetActive() bool {
	if x != nil {
		return x.Active
	}
	return false
}
