// Code generated by go-getters. DO NOT EDIT.

package testdata

import (
	"fmt"
	"net/http"
	"net/url"
	"os"
	t "time"
)

func (x *DynamicImports) GetRequest() *http.Request {
	if x != nil {
		return x.Request
	}
	return nil
}

func (x *DynamicImports) GetCreatedAt() t.Time {
	if x != nil {
		return x.CreatedAt
	}
	return t.Time{}
}

func (x *DynamicImports) GetURLs() []url.URL {
	if x != nil {
		return x.URLs
	}
	return nil
}

func (x *DynamicImports) GetFiles() []os.File {
	if x != nil && x.Files != nil {
		return *x.Files
	}
	return nil
}

func (x *DynamicImports) GetFormatters() []*fmt.Stringer {
	if x != nil {
		return x.Formatters
	}
	return nil
}
