// Code generated by go-getters. DO NOT EDIT.

package testdata

import (
	"container/list"
	"crypto"
	"crypto/aes"
	"crypto/ed25519"
	"crypto/sha1"
	"crypto/tls"
	"crypto/x509"
	"net/http"
	"net/url"
	"os"
)

func (x *Maps) GetStrMap() map[string]string {
	if x != nil {
		return x.StrMap
	}
	return nil
}

func (x *Maps) GetAnyMap() map[string]any {
	if x != nil {
		return x.AnyMap
	}
	return nil
}

func (x *Maps) GetPtrMap() *map[string]any {
	if x != nil {
		return x.PtrMap
	}
	return nil
}

func (x *Maps) GetImportedValue() map[string]sha1.Sum {
	if x != nil {
		return x.ImportedValue
	}
	return nil
}

func (x *Maps) GetImportedKey() map[crypto.Hash]string {
	if x != nil {
		return x.ImportedKey
	}
	return nil
}

func (x *Maps) GetPtrMapImportedValue() *map[string]aes.KeySizeError {
	if x != nil {
		return x.PtrMapImportedValue
	}
	return nil
}

func (x *Maps) GetPtrImportedKey() *map[ed25519.PrivateKey]string {
	if x != nil {
		return x.PtrImportedKey
	}
	return nil
}

func (x *Maps) GetImportedKeyImportedValue() map[x509.ExtKeyUsage]tls.AlertError {
	if x != nil {
		return x.ImportedKeyImportedValue
	}
	return nil
}

func (x *Maps) GetImportedPtrKey() map[*url.EscapeError]uint8 {
	if x != nil {
		return x.ImportedPtrKey
	}
	return nil
}

func (x *Maps) GetImportedPtrValue() map[uint8]*http.Request {
	if x != nil {
		return x.ImportedPtrValue
	}
	return nil
}

func (x *Maps) GetImportedPtrKeyImportedPtrValue() map[*os.FileMode]*list.Element {
	if x != nil {
		return x.ImportedPtrKeyImportedPtrValue
	}
	return nil
}
