// Code generated by go-getters. DO NOT EDIT.

package testdata

func (x *Container) GetExample() Example {
	if x != nil {
		return x.Example
	}
	return Example{}
}

func (x *Container) GetExamplePtr() *Example {
	if x != nil {
		return x.ExamplePtr
	}
	return nil
}
