// Code generated by go-getters. DO NOT EDIT.

package testdata

func (x *Pointer) GetName() string {
	if x != nil && x.Name != nil {
		return *x.Name
	}
	return ""
}

func (x *Pointer) GetAge() int {
	if x != nil && x.Age != nil {
		return *x.Age
	}
	return 0
}

func (x *Pointer) GetScore() float64 {
	if x != nil && x.Score != nil {
		return *x.Score
	}
	return 0.0
}

func (x *Pointer) GetFlag() bool {
	if x != nil && x.Flag != nil {
		return *x.Flag
	}
	return false
}
