// Code generated by go-getters. DO NOT EDIT.

package testdata

func (x *Slices) GetSlicePtr() []Example {
	if x != nil && x.SlicePtr != nil {
		return *x.SlicePtr
	}
	return nil
}

func (x *Slices) GetSlice() []Example {
	if x != nil {
		return x.Slice
	}
	return nil
}

func (x *Slices) GetSliceInt() []int {
	if x != nil {
		return x.SliceInt
	}
	return nil
}

func (x *Slices) GetSliceStr() []string {
	if x != nil {
		return x.SliceStr
	}
	return nil
}

func (x *Slices) GetSliceBool() []bool {
	if x != nil {
		return x.SliceBool
	}
	return nil
}
